2025-06-05 01:49:32,201 - INFO - White Pawn moves from (1, 3) to (3, 3)
2025-06-05 01:49:32,201 - INFO - White Pawn moves forward two squares
2025-06-05 01:49:32,201 - INFO - Black Pawn moves from (6, 3) to (4, 3)
2025-06-05 01:49:32,202 - INFO - Black Pawn moves forward two squares
2025-06-05 01:49:32,202 - INFO - White Q moves from (0, 4) to (2, 2)
2025-06-05 01:49:32,202 - INFO - Black Knight moves from (7, 1) to (5, 0)
2025-06-05 01:49:32,202 - INFO - White B moves from (0, 2) to (3, 5)
2025-06-05 01:49:32,202 - INFO - Black Knight moves from (5, 0) to (3, 1)
2025-06-05 01:49:32,202 - INFO - White Q moves from (2, 2) to (6, 2)
2025-06-05 01:51:39,381 - INFO - White Pawn moves from (1, 3) to (3, 3)
2025-06-05 01:51:39,381 - INFO - White Pawn moves forward two squares
2025-06-05 01:51:39,381 - INFO - Black Pawn moves from (6, 3) to (4, 3)
2025-06-05 01:51:39,382 - INFO - Black Pawn moves forward two squares
2025-06-05 01:51:39,382 - INFO - White Q moves from (0, 4) to (2, 2)
2025-06-05 01:51:39,382 - INFO - Black Knight moves from (7, 1) to (5, 0)
2025-06-05 01:51:39,382 - INFO - White B moves from (0, 2) to (3, 5)
2025-06-05 01:51:39,382 - INFO - Black Knight moves from (5, 0) to (3, 1)
2025-06-05 01:51:39,382 - INFO - White Q moves from (2, 2) to (6, 2)
2025-06-05 01:51:39,384 - INFO - Checkmate! White wins. (Black has no legal moves and is in check)
2025-06-05 01:55:45,745 - INFO - White Pawn moves from (1, 2) to (3, 2)
2025-06-05 01:55:45,745 - INFO - White Pawn moves forward two squares
2025-06-05 01:56:42,867 - DEBUG - White Pawn moves from (1, 3) to (3, 3)
2025-06-05 01:56:42,868 - DEBUG - White Pawn moves forward two squares
2025-06-05 01:56:46,808 - DEBUG - Black Pawn moves from (6, 3) to (4, 3)
2025-06-05 01:56:46,809 - DEBUG - Black Pawn moves forward two squares
2025-06-05 01:56:49,544 - INFO - White Knight moves from (0, 6) to (2, 7)
2025-06-05 01:56:52,874 - INFO - Black Knight moves from (7, 6) to (5, 5)
2025-06-05 01:56:56,066 - DEBUG - White Q moves from (0, 4) to (3, 1)
2025-06-05 01:56:57,530 - DEBUG - Black Pawn moves from (6, 2) to (4, 2)
2025-06-05 01:56:57,530 - DEBUG - Black Pawn moves forward two squares
2025-06-05 01:56:58,526 - DEBUG - White Q moves from (3, 1) to (4, 2)
2025-06-05 01:57:03,121 - INFO - Black Knight moves from (5, 5) to (3, 4)
2025-06-05 01:57:04,320 - DEBUG - White B moves from (0, 2) to (3, 5)
2025-06-05 01:57:05,985 - INFO - Black Knight moves from (3, 4) to (2, 2)
2025-06-05 01:57:07,981 - INFO - White Knight moves from (0, 1) to (2, 2)
2025-06-05 01:57:10,982 - DEBUG - Black Pawn moves from (6, 0) to (4, 0)
2025-06-05 01:57:10,982 - DEBUG - Black Pawn moves forward two squares
2025-06-05 01:57:12,448 - DEBUG - White Q moves from (4, 2) to (6, 2)
2025-06-05 01:57:12,451 - INFO - Checkmate! White wins. (Black has no legal moves and is in check)
2025-06-05 01:57:12,455 - INFO - Game over: White wins.
2025-06-05 01:57:12,516 - INFO - Checkmate! White wins. (Black has no legal moves and is in check)
2025-06-05 01:57:12,584 - INFO - Checkmate! White wins. (Black has no legal moves and is in check)
2025-06-05 01:57:12,650 - INFO - Checkmate! White wins. (Black has no legal moves and is in check)
2025-06-05 01:57:12,716 - INFO - Checkmate! White wins. (Black has no legal moves and is in check)
2025-06-05 01:57:12,784 - INFO - Checkmate! White wins. (Black has no legal moves and is in check)
2025-06-05 01:57:12,853 - INFO - Checkmate! White wins. (Black has no legal moves and is in check)
2025-06-05 01:57:12,918 - INFO - Checkmate! White wins. (Black has no legal moves and is in check)
2025-06-05 01:57:12,985 - INFO - Checkmate! White wins. (Black has no legal moves and is in check)
2025-06-05 01:57:13,052 - INFO - Checkmate! White wins. (Black has no legal moves and is in check)
2025-06-05 01:57:13,118 - INFO - Checkmate! White wins. (Black has no legal moves and is in check)
2025-06-05 01:57:13,185 - INFO - Checkmate! White wins. (Black has no legal moves and is in check)
2025-06-05 01:57:13,251 - INFO - Checkmate! White wins. (Black has no legal moves and is in check)
2025-06-05 01:57:13,317 - INFO - Checkmate! White wins. (Black has no legal moves and is in check)
2025-06-05 01:57:13,384 - INFO - Checkmate! White wins. (Black has no legal moves and is in check)
2025-06-05 01:57:13,449 - INFO - Checkmate! White wins. (Black has no legal moves and is in check)
2025-06-05 01:57:13,516 - INFO - Checkmate! White wins. (Black has no legal moves and is in check)
2025-06-05 01:57:13,582 - INFO - Checkmate! White wins. (Black has no legal moves and is in check)
2025-06-05 01:57:13,649 - INFO - Checkmate! White wins. (Black has no legal moves and is in check)
2025-06-05 01:57:13,716 - INFO - Checkmate! White wins. (Black has no legal moves and is in check)
2025-06-05 01:57:13,782 - INFO - Checkmate! White wins. (Black has no legal moves and is in check)
2025-06-05 01:57:13,850 - INFO - Checkmate! White wins. (Black has no legal moves and is in check)
2025-06-05 01:57:13,917 - INFO - Checkmate! White wins. (Black has no legal moves and is in check)
2025-06-05 01:57:13,982 - INFO - Checkmate! White wins. (Black has no legal moves and is in check)
2025-06-05 01:57:14,138 - INFO - Checkmate! White wins. (Black has no legal moves and is in check)
2025-06-06 13:08:47,102 - DEBUG - White Pawn moves from (1, 3) to (3, 3)
2025-06-06 13:08:47,104 - DEBUG - White Pawn moves forward two squares
2025-06-06 13:08:49,702 - DEBUG - Black Pawn moves from (6, 3) to (4, 3)
2025-06-06 13:08:49,703 - DEBUG - Black Pawn moves forward two squares
2025-06-06 13:08:53,038 - INFO - White Knight moves from (0, 6) to (2, 5)
2025-06-06 13:09:24,716 - DEBUG - White Pawn moves from (1, 3) to (3, 3)
2025-06-06 13:09:24,716 - DEBUG - White Pawn moves forward two squares
2025-06-06 13:09:26,383 - DEBUG - Black Pawn moves from (6, 3) to (4, 3)
2025-06-06 13:09:26,383 - DEBUG - Black Pawn moves forward two squares
2025-06-06 13:09:30,583 - DEBUG - White B moves from (0, 2) to (4, 6)
2025-06-06 13:09:33,981 - INFO - Black Knight moves from (7, 6) to (5, 5)
2025-06-06 13:09:35,246 - DEBUG - White B moves from (4, 6) to (5, 5)
2025-06-06 13:09:47,328 - DEBUG - Black Pawn moves from (6, 2) to (5, 2)
2025-06-06 13:09:52,050 - DEBUG - White B moves from (5, 5) to (6, 4)
2025-06-06 13:09:56,784 - DEBUG - Black B moves from (7, 5) to (6, 4)
2025-06-06 13:15:26,886 - DEBUG - White Pawn moves from (1, 3) to (3, 3)
2025-06-06 13:15:26,887 - DEBUG - White Pawn moves forward two squares
2025-06-06 13:15:26,887 - DEBUG - Black Pawn moves from (6, 3) to (4, 3)
2025-06-06 13:15:26,887 - DEBUG - Black Pawn moves forward two squares
2025-06-06 13:15:26,887 - DEBUG - White Q moves from (0, 4) to (2, 2)
2025-06-06 13:15:26,887 - INFO - Black Knight moves from (7, 1) to (5, 0)
2025-06-06 13:15:26,887 - DEBUG - White B moves from (0, 2) to (3, 5)
2025-06-06 13:15:26,887 - INFO - Black Knight moves from (5, 0) to (3, 1)
2025-06-06 13:15:26,887 - DEBUG - White Q moves from (2, 2) to (6, 2)
2025-06-06 13:15:26,888 - INFO - Checkmate! White wins. (Black has no legal moves and is in check)
2025-06-06 13:23:19,905 - DEBUG - White Pawn moves from (1, 3) to (3, 3)
2025-06-06 13:23:19,906 - DEBUG - White Pawn moves forward two squares
2025-06-06 13:23:19,906 - DEBUG - Black Pawn moves from (6, 3) to (4, 3)
2025-06-06 13:23:19,906 - DEBUG - Black Pawn moves forward two squares
2025-06-06 13:23:19,906 - DEBUG - White Q moves from (0, 4) to (2, 2)
2025-06-06 13:23:19,906 - INFO - Black Knight moves from (7, 1) to (5, 0)
2025-06-06 13:23:19,907 - DEBUG - White B moves from (0, 2) to (3, 5)
2025-06-06 13:23:19,907 - INFO - Black Knight moves from (5, 0) to (3, 1)
2025-06-06 13:23:19,907 - DEBUG - White Q moves from (2, 2) to (6, 2)
2025-06-06 13:23:19,908 - INFO - Checkmate! White wins. (Black has no legal moves and is in check)
2025-06-06 13:23:34,708 - DEBUG - White Pawn moves from (1, 3) to (3, 3)
2025-06-06 13:23:34,709 - DEBUG - White Pawn moves forward two squares
2025-06-06 13:23:40,965 - DEBUG - Black Pawn moves from (6, 7) to (4, 7)
2025-06-06 13:23:40,966 - DEBUG - Black Pawn moves forward two squares
2025-06-06 13:23:42,561 - DEBUG - White B moves from (0, 2) to (4, 6)
2025-06-06 13:23:47,158 - DEBUG - Black Pawn moves from (6, 0) to (5, 0)
2025-06-06 13:23:51,289 - DEBUG - White Q moves from (0, 4) to (2, 2)
2025-06-06 13:23:52,425 - DEBUG - Black Pawn moves from (4, 7) to (3, 7)
2025-06-06 13:23:55,150 - DEBUG - White B moves from (4, 6) to (3, 5)
2025-06-06 13:23:56,216 - DEBUG - Black Pawn moves from (6, 6) to (5, 6)
2025-06-06 13:23:57,882 - DEBUG - White Q moves from (2, 2) to (6, 2)
2025-06-06 13:23:57,885 - INFO - Checkmate! White wins. (Black has no legal moves and is in check)
2025-06-06 13:23:57,897 - INFO - Game over: White wins.
2025-06-06 13:24:24,104 - DEBUG - White Pawn moves from (1, 3) to (3, 3)
2025-06-06 13:24:24,104 - DEBUG - White Pawn moves forward two squares
2025-06-06 13:24:29,618 - DEBUG - Black Pawn moves from (6, 3) to (4, 3)
2025-06-06 13:24:29,619 - DEBUG - Black Pawn moves forward two squares
2025-06-06 13:24:31,681 - DEBUG - White Q moves from (0, 4) to (4, 0)
2025-06-06 13:24:35,410 - DEBUG - Black Pawn moves from (6, 0) to (5, 0)
2025-06-06 13:24:36,548 - DEBUG - White Q moves from (4, 0) to (6, 2)
2025-06-06 13:31:45,994 - DEBUG - White Pawn moves from (1, 3) to (3, 3)
2025-06-06 13:31:45,994 - DEBUG - White Pawn moves forward two squares
2025-06-06 13:31:45,995 - DEBUG - Black Pawn moves from (6, 3) to (4, 3)
2025-06-06 13:31:45,995 - DEBUG - Black Pawn moves forward two squares
2025-06-06 13:31:45,995 - DEBUG - White Q moves from (0, 4) to (2, 2)
2025-06-06 13:31:45,995 - INFO - Black Knight moves from (7, 1) to (5, 0)
2025-06-06 13:31:45,995 - DEBUG - White B moves from (0, 2) to (3, 5)
2025-06-06 13:31:45,995 - INFO - Black Knight moves from (5, 0) to (3, 1)
2025-06-06 13:31:45,995 - DEBUG - White Q moves from (2, 2) to (6, 2)
2025-06-06 13:31:45,996 - WARNING - Check! Player black is in check from: [(6, 2)]
2025-06-06 13:31:45,996 - WARNING - Check! Player black is in check from: [(6, 2)]
2025-06-06 13:31:45,996 - WARNING - Check! Player black is in check from: [(6, 2)]
2025-06-06 13:31:45,997 - WARNING - Check! Player black is in check from: [(6, 2)]
2025-06-06 13:31:45,997 - WARNING - Check! Player black is in check from: [(6, 2)]
2025-06-06 13:31:45,997 - WARNING - Check! Player black is in check from: [(6, 2)]
2025-06-06 13:31:45,997 - WARNING - Check! Player black is in check from: [(6, 2)]
2025-06-06 13:31:45,997 - WARNING - Check! Player black is in check from: [(6, 2)]
2025-06-06 13:31:45,997 - WARNING - Check! Player black is in check from: [(6, 2)]
2025-06-06 13:31:45,997 - WARNING - Check! Player black is in check from: [(6, 2)]
2025-06-06 13:31:45,998 - WARNING - Check! Player black is in check from: [(6, 2)]
2025-06-06 13:31:45,998 - WARNING - Check! Player black is in check from: [(6, 2)]
2025-06-06 13:31:45,998 - WARNING - Check! Player black is in check from: [(6, 2)]
2025-06-06 13:31:45,998 - WARNING - Check! Player black is in check from: [(6, 2)]
2025-06-06 13:31:45,998 - WARNING - Check! Player black is in check from: [(6, 2)]
2025-06-06 13:31:45,998 - WARNING - Check! Player black is in check from: [(6, 2)]
2025-06-06 13:31:45,999 - WARNING - Check! Player black is in check from: [(6, 2)]
2025-06-06 13:31:45,999 - WARNING - Check! Player black is in check from: [(6, 2)]
2025-06-06 13:31:45,999 - WARNING - Check! Player black is in check from: [(6, 2)]
2025-06-06 13:31:45,999 - WARNING - Check! Player black is in check from: [(6, 2)]
2025-06-06 13:31:45,999 - WARNING - Check! Player black is in check from: [(6, 2)]
2025-06-06 13:31:45,999 - WARNING - Check! Player black is in check from: [(6, 2)]
2025-06-06 13:31:45,999 - WARNING - Check! Player black is in check from: [(6, 2)]
2025-06-06 13:31:45,999 - WARNING - Check! Player black is in check from: [(6, 2)]
2025-06-06 13:31:45,999 - WARNING - Check! Player black is in check from: [(6, 2)]
2025-06-06 13:31:46,000 - WARNING - Check! Player black is in check from: [(6, 2)]
2025-06-06 13:31:46,000 - WARNING - Check! Player black is in check from: [(6, 2)]
2025-06-06 13:31:46,000 - WARNING - Check! Player black is in check from: [(6, 2)]
2025-06-06 13:31:46,000 - WARNING - Check! Player black is in check from: [(6, 2)]
2025-06-06 13:31:46,000 - WARNING - Check! Player black is in check from: [(6, 2)]
2025-06-06 13:31:46,000 - WARNING - Check! Player black is in check from: [(6, 2)]
2025-06-06 13:31:46,000 - WARNING - Check! Player black is in check from: [(6, 2)]
2025-06-06 13:31:46,000 - WARNING - Check! Player black is in check from: [(6, 2)]
2025-06-06 13:31:46,000 - WARNING - Check! Player black is in check from: [(6, 2)]
2025-06-06 13:31:46,000 - WARNING - Check! Player black is in check from: [(6, 2)]
2025-06-06 13:31:46,001 - WARNING - Check! Player black is in check from: [(3, 5)]
2025-06-06 13:31:46,001 - WARNING - Check! Player black is in check from: [(6, 2)]
2025-06-06 13:31:46,001 - WARNING - Check! Player black is in check from: [(6, 2)]
2025-06-06 13:31:46,001 - WARNING - Check! Player black is in check from: [(6, 2)]
2025-06-06 13:31:46,001 - WARNING - Check! Player black is in check from: [(6, 2)]
2025-06-06 13:31:46,001 - WARNING - Check! Player black is in check from: [(6, 2)]
2025-06-06 13:31:46,001 - WARNING - Check! Player black is in check from: [(6, 2)]
2025-06-06 13:31:46,001 - WARNING - Check! Player black is in check from: [(6, 2)]
2025-06-06 13:31:46,001 - WARNING - Check! Player black is in check from: [(6, 2)]
2025-06-06 13:31:46,001 - WARNING - Check! Player black is in check from: [(6, 2)]
2025-06-06 13:31:46,002 - WARNING - Check! Player black is in check from: [(6, 2)]
2025-06-06 13:31:46,002 - INFO - Checkmate! White wins. (Black has no legal moves and is in check)
2025-06-06 13:36:59,164 - DEBUG - White Pawn moves from (1, 3) to (3, 3)
2025-06-06 13:36:59,164 - DEBUG - White Pawn moves forward two squares
2025-06-06 13:36:59,164 - DEBUG - Black Pawn moves from (6, 3) to (4, 3)
2025-06-06 13:36:59,164 - DEBUG - Black Pawn moves forward two squares
2025-06-06 13:36:59,165 - DEBUG - White Q moves from (0, 4) to (2, 2)
2025-06-06 13:36:59,165 - INFO - Black Knight moves from (7, 1) to (5, 0)
2025-06-06 13:36:59,165 - DEBUG - White B moves from (0, 2) to (3, 5)
2025-06-06 13:36:59,165 - INFO - Black Knight moves from (5, 0) to (3, 1)
2025-06-06 13:36:59,165 - DEBUG - White Q moves from (2, 2) to (6, 2)
2025-06-06 13:37:07,546 - DEBUG - White Pawn moves from (1, 3) to (3, 3)
2025-06-06 13:37:07,546 - DEBUG - White Pawn moves forward two squares
2025-06-06 13:37:10,676 - DEBUG - Black Pawn moves from (6, 4) to (4, 4)
2025-06-06 13:37:10,677 - DEBUG - Black Pawn moves forward two squares
2025-06-06 13:37:12,343 - DEBUG - White B moves from (0, 2) to (4, 6)
2025-06-06 13:38:13,456 - DEBUG - White Pawn moves from (1, 3) to (3, 3)
2025-06-06 13:38:13,457 - DEBUG - White Pawn moves forward two squares
2025-06-06 13:38:13,457 - DEBUG - Black Pawn moves from (6, 3) to (4, 3)
2025-06-06 13:38:13,457 - DEBUG - Black Pawn moves forward two squares
2025-06-06 13:38:13,457 - DEBUG - White Q moves from (0, 4) to (2, 2)
2025-06-06 13:38:13,457 - INFO - Black Knight moves from (7, 1) to (5, 0)
2025-06-06 13:38:13,457 - DEBUG - White B moves from (0, 2) to (3, 5)
2025-06-06 13:38:13,457 - INFO - Black Knight moves from (5, 0) to (3, 1)
2025-06-06 13:38:13,458 - DEBUG - White Q moves from (2, 2) to (6, 2)
2025-06-06 13:38:13,458 - WARNING - Check! Player black is in check from: [(6, 2)]
2025-06-06 13:38:13,459 - WARNING - Check! Player black is in check from: [(3, 5)]
2025-06-06 13:38:13,459 - WARNING - Check! Player black is in check from: [(6, 2)]
2025-06-06 13:38:13,460 - INFO - Checkmate! White wins. (Black has no legal moves and is in check)
2025-06-06 13:38:53,083 - DEBUG - White Pawn moves from (1, 3) to (3, 3)
2025-06-06 13:38:53,083 - DEBUG - White Pawn moves forward two squares
2025-06-06 13:38:55,287 - DEBUG - Black Pawn moves from (6, 4) to (4, 4)
2025-06-06 13:38:55,288 - DEBUG - Black Pawn moves forward two squares
2025-06-06 13:38:56,621 - DEBUG - White B moves from (0, 2) to (4, 6)
2025-06-06 13:38:56,623 - WARNING - Check! Player black is in check from: [(4, 6)]
2025-06-06 13:39:01,287 - DEBUG - Black Pawn moves from (6, 5) to (5, 5)
2025-06-06 13:39:05,286 - DEBUG - White B moves from (4, 6) to (5, 5)
2025-06-06 13:39:05,288 - WARNING - Check! Player black is in check from: [(5, 5)]
2025-06-06 13:39:07,884 - DEBUG - Black Pawn moves from (6, 6) to (5, 5)
2025-06-06 13:39:10,622 - DEBUG - White Pawn moves from (1, 4) to (3, 4)
2025-06-06 13:39:10,623 - DEBUG - White Pawn moves forward two squares
2025-06-06 13:39:12,287 - DEBUG - Black Q moves from (7, 4) to (4, 7)
2025-06-06 13:39:12,289 - WARNING - Check! Player white is in check from: [(4, 7)]
2025-06-06 13:39:17,284 - INFO - White Knight moves from (0, 6) to (2, 5)
2025-06-06 13:39:18,884 - DEBUG - Black Q moves from (4, 7) to (2, 5)
2025-06-06 13:39:18,886 - WARNING - Check! Player white is in check from: [(2, 5)]
2025-06-06 13:39:26,212 - DEBUG - White Q moves from (0, 4) to (1, 4)
2025-06-06 13:39:27,347 - DEBUG - Black Q moves from (2, 5) to (1, 4)
2025-06-06 13:39:27,348 - WARNING - Check! Player white is in check from: [(1, 4)]
2025-06-06 13:39:28,678 - DEBUG - White King moves from (0, 3) to (0, 2)
2025-06-06 13:39:35,536 - DEBUG - Black Q moves from (1, 4) to (2, 4)
2025-06-06 13:39:35,538 - WARNING - Check! Player white is in check from: [(2, 4)]
2025-06-06 13:39:36,803 - INFO - White Knight moves from (0, 1) to (1, 3)
2025-06-06 13:39:39,134 - DEBUG - Black Q moves from (2, 4) to (0, 4)
2025-06-06 13:39:39,135 - WARNING - Check! Player white is in check from: [(0, 4)]
2025-06-06 13:39:39,137 - INFO - Checkmate! Black wins. (White has no legal moves and is in check)
2025-06-06 13:39:39,141 - INFO - Game over: Black wins.
